Processing sekido2006_nbsi  DOI=10.1016/j.jallcom.2006.01.072
  Trying candidate: https://doi.org/10.1016/j.jallcom.2006.01.072
  [NO] could not download PDF for sekido2006_nbsi
Processing miura2005_nbsi_mo  DOI=10.1016/j.msea.2005.07.032
  Trying candidate: https://doi.org/10.1016/j.msea.2005.07.032
  [NO] could not download PDF for miura2005_nbsi_mo
Processing miura2007_nbsi_directional  DOI=10.1016/j.msea.2006.04.128
  Trying candidate: https://doi.org/10.1016/j.msea.2006.04.128
  [NO] could not download PDF for miura2007_nbsi_directional
Processing miura2008_coalw_early  DOI=10.2320/matertrans.M2008198
  [WARN] Unpaywall returned status 404 for 10.2320/matertrans.M2008198
Processing miura2009_nb_silicide_2  DOI=10.1016/j.msea.2008.04.094
  Trying candidate: https://doi.org/10.1016/j.msea.2008.04.094
  [NO] could not download PDF for miura2009_nb_silicide_2
Processing miura2010_co3al  DOI=10.1016/j.msea.2009.09.023
  Trying candidate: https://doi.org/10.1016/j.msea.2009.09.023
  [NO] could not download PDF for miura2010_co3al
Processing miura2011_coalw  DOI=10.1016/j.intermet.2011.06.012
  Trying candidate: https://doi.org/10.1016/j.intermet.2011.06.012
  [NO] could not download PDF for miura2011_coalw
Processing miura2013_nb_silicide  DOI=10.1016/j.msea.2013.07.067
  Trying candidate: https://doi.org/10.1016/j.msea.2013.07.067
  [NO] could not download PDF for miura2013_nb_silicide
Processing miura2014_max_phase  DOI=
  [SKIP] no DOI provided
Processing miura2015_l12_coalbc  DOI=10.1016/j.intermet.2014.11.011
  Trying candidate: https://doi.org/10.1016/j.intermet.2014.11.011
  [NO] could not download PDF for miura2015_l12_coalbc
Processing miura2016_e21  DOI=10.2320/matertrans.M2016218
  Trying candidate: https://www.jstage.jst.go.jp/article/matertrans/57/11/57_M2016218/_pdf
  [OK] saved miura2016_e21.pdf
Processing miura2017_b2_single  DOI=10.1016/j.scriptamat.2017.04.012
  Trying candidate: https://doi.org/10.1016/j.scriptamat.2017.04.012
  [NO] could not download PDF for miura2017_b2_single
Processing miura2017_jjim_he  DOI=10.2320/jinstmet.JB201706
  [WARN] Unpaywall returned status 404 for 10.2320/jinstmet.JB201706
Processing miura2018_refractory_he  DOI=10.1016/j.matlet.2018.06.056
  Trying candidate: https://doi.org/10.1016/j.matlet.2018.06.056
  [NO] could not download PDF for miura2018_refractory_he
Processing miura2019_healloys_1  DOI=10.1016/j.msea.2019.138789
  Trying candidate: https://doi.org/10.1016/j.msea.2019.138789
  [NO] could not download PDF for miura2019_healloys_1
Processing miura2019_jjim  DOI=10.2320/jinstmet.JB201908
  Trying candidate: https://www.jstage.jst.go.jp/article/jinstmet/84/3/84_JB201908/_pdf
  [OK] saved miura2019_jjim.pdf
Processing miura2020_coalbc_ox  DOI=10.1016/j.scriptamat.2020.05.012
  Trying candidate: https://doi.org/10.1016/j.scriptamat.2020.05.012
  [NO] could not download PDF for miura2020_coalbc_ox
Processing miura2021_b2l12_dual  DOI=10.1016/j.intermet.2020.107023
  Trying candidate: https://doi.org/10.1016/j.intermet.2020.107023
  [NO] could not download PDF for miura2021_b2l12_dual
Processing miura2022_co3al_c  DOI=10.2320/matertrans.MT-Y2022006
  Trying candidate: https://www.jstage.jst.go.jp/article/matertrans/64/3/64_MT-Y2022006/_pdf
  [OK] saved miura2022_co3al_c.pdf
Processing miura2023_co3albc_new  DOI=10.2320/matertrans.MT-Y2022007
  [WARN] Unpaywall returned status 404 for 10.2320/matertrans.MT-Y2022007
Processing miura2024_co_superalloy  DOI=10.1016/j.msea.2023.145890
  Trying candidate: https://doi.org/10.1016/j.msea.2023.145890
  [NO] could not download PDF for miura2024_co_superalloy
Processing miura2024_he_oxidation  DOI=10.1016/j.corsci.2023.111724
  Trying candidate: https://doi.org/10.1016/j.corsci.2023.111724
  [NO] could not download PDF for miura2024_he_oxidation
Processing miura2023_jjim_review  DOI=10.2320/jinstmet.JB202301
  [WARN] Unpaywall returned status 404 for 10.2320/jinstmet.JB202301
Processing miura2022_jjim_he  DOI=10.2320/jinstmet.JB202207
  [WARN] Unpaywall returned status 404 for 10.2320/jinstmet.JB202207
Processing miura2021_jjim_nb  DOI=10.2320/jinstmet.JB202103
  [WARN] Unpaywall returned status 404 for 10.2320/jinstmet.JB202103
Processing miura2020_jjim_coal  DOI=10.2320/jinstmet.JB202005
  [WARN] Unpaywall returned status 404 for 10.2320/jinstmet.JB202005
Processing miura2019_mt_coalw  DOI=10.2320/matertrans.M2019012
  [WARN] Unpaywall returned status 404 for 10.2320/matertrans.M2019012
Processing miura2018_mt_coalbc  DOI=10.2320/matertrans.M2018132
  [WARN] Unpaywall returned status 404 for 10.2320/matertrans.M2018132
Processing miura2016_mt_coalw  DOI=10.2320/matertrans.M2016218
  Trying candidate: https://www.jstage.jst.go.jp/article/matertrans/57/11/57_M2016218/_pdf
  [OK] saved miura2016_mt_coalw.pdf
Processing miura2015_mt_nbsi  DOI=10.2320/matertrans.M2015120
  [WARN] Unpaywall returned status 404 for 10.2320/matertrans.M2015120
Processing miura2014_mt_coalw  DOI=10.2320/matertrans.M2014078
  Trying candidate: https://www.jstage.jst.go.jp/article/matertrans/55/9/55_M2014078/_pdf
  [OK] saved miura2014_mt_coalw.pdf
Processing miura2012_mt_nbsi  DOI=10.2320/matertrans.M2012156
  [WARN] Unpaywall returned status 404 for 10.2320/matertrans.M2012156
Processing miura2011_mt_coalw  DOI=10.2320/matertrans.M2011098
  Trying candidate: https://www.jstage.jst.go.jp/article/matertrans/52/9/52_M2011098/_pdf
  [OK] saved miura2011_mt_coalw.pdf
Processing miura2010_mt_nbsi  DOI=10.2320/matertrans.M2010067
  Trying candidate: https://www.jstage.jst.go.jp/article/matertrans/51/8/51_M2010067/_pdf
  [OK] saved miura2010_mt_nbsi.pdf
Processing miura2009_mt_coalw  DOI=10.2320/matertrans.M2009045
  Trying candidate: https://www.jstage.jst.go.jp/article/matertrans/50/10/50_M2009045/_pdf
  [OK] saved miura2009_mt_coalw.pdf
Processing miura2008_mt_nbsi  DOI=10.2320/matertrans.M2008032
  [WARN] Unpaywall returned status 404 for 10.2320/matertrans.M2008032
Processing miura2007_mt_coalw  DOI=10.2320/matertrans.M2007198
  [WARN] Unpaywall returned status 404 for 10.2320/matertrans.M2007198
Processing miura2006_mt_nbsi  DOI=10.2320/matertrans.47.2760
  [WARN] Unpaywall returned status 404 for 10.2320/matertrans.47.2760
Processing miura2005_mt_coalw  DOI=10.2320/matertrans.46.2763
  [WARN] Unpaywall returned status 404 for 10.2320/matertrans.46.2763
Zipping 8 files into miura_papers.zip...
Created miura_papers.zip

SUMMARY
Downloaded: 8
miura2016_e21
miura2019_jjim
miura2022_co3al_c
miura2016_mt_coalw
miura2014_mt_coalw
miura2011_mt_coalw
miura2010_mt_nbsi
miura2009_mt_coalw

Not downloaded: 31
 - sekido2006_nbsi: 10.1016/j.jallcom.2006.01.072 -> https://doi.org/10.1016/j.jallcom.2006.01.072
 - miura2005_nbsi_mo: 10.1016/j.msea.2005.07.032 -> https://doi.org/10.1016/j.msea.2005.07.032
 - miura2007_nbsi_directional: 10.1016/j.msea.2006.04.128 -> https://doi.org/10.1016/j.msea.2006.04.128
 - miura2008_coalw_early: doi:10.2320/matertrans.M2008198 (unpaywall status 404) -> https://doi.org/doi:10.2320/matertrans.M2008198 (unpaywall status 404)
 - miura2009_nb_silicide_2: 10.1016/j.msea.2008.04.094 -> https://doi.org/10.1016/j.msea.2008.04.094
 - miura2010_co3al: 10.1016/j.msea.2009.09.023 -> https://doi.org/10.1016/j.msea.2009.09.023
 - miura2011_coalw: 10.1016/j.intermet.2011.06.012 -> https://doi.org/10.1016/j.intermet.2011.06.012
 - miura2013_nb_silicide: 10.1016/j.msea.2013.07.067 -> https://doi.org/10.1016/j.msea.2013.07.067
 - miura2014_max_phase: no DOI -> https://doi.org/
 - miura2015_l12_coalbc: 10.1016/j.intermet.2014.11.011 -> https://doi.org/10.1016/j.intermet.2014.11.011
 - miura2017_b2_single: 10.1016/j.scriptamat.2017.04.012 -> https://doi.org/10.1016/j.scriptamat.2017.04.012
 - miura2017_jjim_he: doi:10.2320/jinstmet.JB201706 (unpaywall status 404) -> https://doi.org/doi:10.2320/jinstmet.JB201706 (unpaywall status 404)
 - miura2018_refractory_he: 10.1016/j.matlet.2018.06.056 -> https://doi.org/10.1016/j.matlet.2018.06.056
 - miura2019_healloys_1: 10.1016/j.msea.2019.138789 -> https://doi.org/10.1016/j.msea.2019.138789
 - miura2020_coalbc_ox: 10.1016/j.scriptamat.2020.05.012 -> https://doi.org/10.1016/j.scriptamat.2020.05.012
 - miura2021_b2l12_dual: 10.1016/j.intermet.2020.107023 -> https://doi.org/10.1016/j.intermet.2020.107023
 - miura2023_co3albc_new: doi:10.2320/matertrans.MT-Y2022007 (unpaywall status 404) -> https://doi.org/doi:10.2320/matertrans.MT-Y2022007 (unpaywall status 404)
 - miura2024_co_superalloy: 10.1016/j.msea.2023.145890 -> https://doi.org/10.1016/j.msea.2023.145890
 - miura2024_he_oxidation: 10.1016/j.corsci.2023.111724 -> https://doi.org/10.1016/j.corsci.2023.111724
 - miura2023_jjim_review: doi:10.2320/jinstmet.JB202301 (unpaywall status 404) -> https://doi.org/doi:10.2320/jinstmet.JB202301 (unpaywall status 404)
 - miura2022_jjim_he: doi:10.2320/jinstmet.JB202207 (unpaywall status 404) -> https://doi.org/doi:10.2320/jinstmet.JB202207 (unpaywall status 404)
 - miura2021_jjim_nb: doi:10.2320/jinstmet.JB202103 (unpaywall status 404) -> https://doi.org/doi:10.2320/jinstmet.JB202103 (unpaywall status 404)
 - miura2020_jjim_coal: doi:10.2320/jinstmet.JB202005 (unpaywall status 404) -> https://doi.org/doi:10.2320/jinstmet.JB202005 (unpaywall status 404)
 - miura2019_mt_coalw: doi:10.2320/matertrans.M2019012 (unpaywall status 404) -> https://doi.org/doi:10.2320/matertrans.M2019012 (unpaywall status 404)
 - miura2018_mt_coalbc: doi:10.2320/matertrans.M2018132 (unpaywall status 404) -> https://doi.org/doi:10.2320/matertrans.M2018132 (unpaywall status 404)
 - miura2015_mt_nbsi: doi:10.2320/matertrans.M2015120 (unpaywall status 404) -> https://doi.org/doi:10.2320/matertrans.M2015120 (unpaywall status 404)
 - miura2012_mt_nbsi: doi:10.2320/matertrans.M2012156 (unpaywall status 404) -> https://doi.org/doi:10.2320/matertrans.M2012156 (unpaywall status 404)
 - miura2008_mt_nbsi: doi:10.2320/matertrans.M2008032 (unpaywall status 404) -> https://doi.org/doi:10.2320/matertrans.M2008032 (unpaywall status 404)
 - miura2007_mt_coalw: doi:10.2320/matertrans.M2007198 (unpaywall status 404) -> https://doi.org/doi:10.2320/matertrans.M2007198 (unpaywall status 404)
 - miura2006_mt_nbsi: doi:10.2320/matertrans.47.2760 (unpaywall status 404) -> https://doi.org/doi:10.2320/matertrans.47.2760 (unpaywall status 404)
 - miura2005_mt_coalw: doi:10.2320/matertrans.46.2763 (unpaywall status 404) -> https://doi.org/doi:10.2320/matertrans.46.2763 (unpaywall status 404)

Errors: 0

All done.
